[2026-05-25 18:59:37] [OK] Bartolomiou Kouma • Wanted Poster Tee
[2026-05-25 18:59:56] [OK] Lufi • Wanted Poster Black Tee
[2026-05-25 19:00:22] [OK] Lufi • Wanted Poster Tee
[2026-05-25 19:00:43] [OK] Marshal Di Tittch • Wanted Poster Black Tee
[2026-05-25 19:01:03] [OK] Marshal Di Tittch • Wanted Poster Tee
[2026-05-25 19:01:23] [OK] Alabastards • Wanted Poster Black Tee
[2026-05-25 19:01:42] [OK] Alabastards • Wanted Poster Tee
[2026-05-25 19:01:59] [OK] Sharlot Linline • Wanted Poster Black Tee
[2026-05-25 19:02:18] [OK] Sharlot Linline • Wanted Poster Tee
[2026-05-25 19:02:37] [OK] Doflamyngo • Wanted Poster Black Tee
[2026-05-25 19:02:54] [OK] Doflamyngo • Wanted Poster Tee
[2026-05-25 19:03:15] [OK] Caido • Wanted Poster Black Tee
[2026-05-25 19:03:39] [OK] Caido • Wanted Poster Tee
[2026-05-25 19:04:04] [OK] Baggy • Wanted Poster Black Tee
[2026-05-25 19:04:23] [OK] Baggy • Wanted Poster Tee
[2026-05-25 19:04:43] [OK] Gymbey • Wanted Poster Black Tee
[2026-05-25 19:05:13] [OK] Gymbey • Wanted Poster Tee
[2026-05-25 19:05:32] [OK] God Ussop • Wanted Poster Black Tee
[2026-05-25 19:05:45] [OK] God Ussop • Wanted Poster Tee
[2026-05-25 19:06:07] [OK] Broock • Wanted Poster Black Tee
[2026-05-25 19:06:37] [OK] Broock • Wanted Poster Tee
[2026-05-25 19:07:01] [OK] Francky • Wanted Poster Black Tee
[2026-05-25 19:07:18] [OK] Francky • Wanted Poster Tee
[2026-05-25 19:07:41] [OK] Niko Robine • Wanted Poster Black Tee
[2026-05-25 19:08:18] [OK] Niko Robine • Wanted Poster Tee
[2026-05-25 19:08:41] [OK] Shoper • Wanted Poster Black Tee
[2026-05-25 19:09:03] [OK] Shoper • Wanted Poster Tee
[2026-05-25 19:09:40] [OK] Sandji • Wanted Poster Black Tee
[2026-05-25 19:09:56] [OK] Sandji • Wanted Poster Tee
[2026-05-25 19:10:21] [OK] Namy • Wanted Poster Black Tee
[2026-05-25 19:10:47] [OK] Namy • Wanted Poster Tee
[2026-05-25 19:11:19] [OK] Rororoa Zoro • Wanted Poster Black Tee
[2026-05-25 19:11:44] [OK] Rororoa Zoro • Wanted Poster Tee
[2026-05-25 19:12:02] [OK] Chanks • Wanted Poster Black Tee
[2026-05-25 19:12:20] [OK] Chanks • Wanted Poster Tee
[2026-05-25 19:12:32] [OK] Baggy • Wanted Poster Mug
[2026-05-25 19:12:51] [OK] Caido • Wanted Poster Mug
[2026-05-25 19:13:15] [OK] Chanks • Wanted Poster Mug
[2026-05-25 19:13:31] [OK] Doflamyngo • Wanted Poster Mug
[2026-05-25 19:13:45] [OK] Francky • Wanted Poster Mug
[2026-05-25 19:13:57] [OK] God Ussop • Wanted Poster Mug
[2026-05-25 19:14:07] [OK] Gymbey • Wanted Poster Mug
[2026-05-25 19:14:23] [OK] Tittch • Wanted Poster Mug
[2026-05-25 19:14:56] [OK] Namy • Wanted Poster Mug
[2026-05-25 19:15:11] [OK] Niko Robine • Wanted Poster Mug
[2026-05-25 19:15:24] [OK] Zoro • Wanted Poster Mug
[2026-05-25 19:15:38] [OK] Sandji • Wanted Poster Mug
[2026-05-25 19:15:54] [OK] Sharlot Linline • Wanted Poster Mug
[2026-05-25 19:16:18] [OK] Shoper • Wanted Poster Mug
[2026-05-25 19:16:39] [OK] Broock • Wanted Poster Mug
[2026-05-25 19:16:56] [OK] Lufi • Wanted Poster Mug
[2026-05-25 19:17:17] [OK] Alabastards • Wanted Poster Mug
[2026-05-25 19:17:30] [OK] Zoro • Mythologie Case
[2026-05-25 19:17:49] [OK] Luffy • Mythologie Mug
[2026-05-25 19:18:10] [OK] Jinbe • Direction Black Tee
[2026-05-25 19:18:31] [OK] Brook • Direction Black Tee
[2026-05-25 19:18:51] [OK] Robin • Direction Black Tee
[2026-05-25 19:19:30] [OK] Franky • Direction Black Tee
[2026-05-25 19:19:51] [OK] Choper • Direction Black Tee
[2026-05-25 19:20:11] [OK] Ussop • Direction Black Tee
[2026-05-25 19:20:31] [OK] Sanji • Direction Black Tee
[2026-05-25 19:21:01] [OK] Nami • Direction Black Tee
[2026-05-25 19:21:22] [OK] Zoro • Direction Black Tee
[2026-05-25 19:21:52] [OK] Luffy • Direction Black Tee
[2026-05-25 19:22:20] [OK] Jinbe • Direction Tee
[2026-05-25 19:22:44] [OK] Brook • Direction Tee
[2026-05-25 19:23:06] [OK] Robin • Direction Tee
[2026-05-25 19:23:31] [OK] Franky • Direction Tee
[2026-05-25 19:24:03] [OK] Choper • Direction Tee
[2026-05-25 19:24:22] [OK] Sanji • Direction Tee
[2026-05-25 19:24:42] [OK] Ussop • Direction Tee
[2026-05-25 19:25:03] [OK] Nami • Direction Tee
[2026-05-25 19:25:22] [OK] Zoro • Direction Tee
[2026-05-25 19:25:42] [OK] Luffy • Direction Tee
[2026-05-25 19:26:01] [OK] Alabastards • Wanted Poster Black Tee
[2026-05-25 19:26:20] [OK] Baggy • Wanted Poster Black Tee
[2026-05-25 19:26:49] [OK] Caido • Wanted Poster Black Tee
[2026-05-25 19:27:04] [429] publish pause 300s retry 1 — Chanks • Wanted Poster Black Tee
[2026-05-25 19:32:04] [429] publish pause 300s retry 2 — Chanks • Wanted Poster Black Tee
[2026-05-25 19:37:11] [OK] Chanks • Wanted Poster Black Tee
[2026-05-25 19:37:32] [OK] Doflamyngo • Wanted Poster Black Tee
[2026-05-25 19:37:49] [OK] Francky • Wanted Poster Black Tee
[2026-05-25 19:38:11] [OK] God Ussop • Wanted Poster Black Tee
[2026-05-25 19:38:45] [OK] Gymbey • Wanted Poster Black Tee
[2026-05-25 19:39:05] [OK] Marshal Di Tittch • Wanted Poster Black Tee
[2026-05-25 19:39:28] [OK] Namy • Wanted Poster Black Tee
[2026-05-25 19:39:49] [OK] Niko Robine • Wanted Poster Black Tee
[2026-05-25 19:40:28] [OK] Rororoa Zoro • Wanted Poster Black Tee
[2026-05-25 19:40:52] [OK] Sandji • Wanted Poster Black Tee
[2026-05-25 19:41:16] [OK] Sharlot Linline • Wanted Poster Black Tee
[2026-05-25 19:41:37] [OK] Shoper • Wanted Poster Black Tee
[2026-05-25 19:42:01] [OK] Broock • Wanted Poster Black Tee
[2026-05-25 19:42:24] [OK] Lufi • Wanted Poster Black Tee
[2026-05-25 19:42:45] [OK] Alabastards • Wanted Poster Tee
[2026-05-25 19:43:02] [OK] Baggy • Wanted Poster Tee
[2026-05-25 19:43:25] [OK] Caido • Wanted Poster Tee
[2026-05-25 19:43:43] [OK] Chanks • Wanted Poster Tee
[2026-05-25 19:44:02] [OK] Doflamyngo • Wanted Poster Tee
[2026-05-25 19:44:25] [OK] Francky • Wanted Poster Tee
[2026-05-25 19:45:01] [OK] God Ussop • Wanted Poster Tee
[2026-05-25 19:45:23] [OK] Gymbey • Wanted Poster Tee
[2026-05-25 19:45:48] [OK] Marshal Di Tittch • Wanted Poster Tee
[2026-05-25 19:46:11] [OK] Namy • Wanted Poster Tee
[2026-05-25 19:46:47] [OK] Niko Robine • Wanted Poster Tee
[2026-05-25 19:47:08] [OK] Rororoa Zoro • Wanted Poster Tee
[2026-05-25 19:47:35] [OK] Sandji • Wanted Poster Tee
[2026-05-25 19:48:04] [OK] Sharlot Linline • Wanted Poster Tee
[2026-05-25 19:48:43] [OK] Shoper • Wanted Poster Tee
[2026-05-25 19:49:11] [OK] Broock • Wanted Poster Tee
[2026-05-25 19:49:32] [OK] Lufi • Wanted Poster Tee
[2026-05-25 19:49:56] [OK] Ussop • Mythologie Black Tee
[2026-05-25 19:50:36] [OK] Zoro • Mythologie Black Tee
[2026-05-25 19:51:01] [OK] Jinbe • Mythologie Black Tee
[2026-05-25 19:51:28] [OK] Nami • Mythologie Black Tee
[2026-05-25 19:51:54] [OK] Franky • Mythologie Black Tee
[2026-05-25 19:52:20] [OK] Sanji • Mythologie Black Tee
[2026-05-25 19:52:44] [OK] Luffy • Mythologie Black Tee
[2026-05-25 19:53:06] [OK] Ussop • Mythologie Tee
[2026-05-25 19:53:27] [OK] Robin • Mythologie Black Tee
[2026-05-25 19:54:00] [OK] Brook • Mythologie Tee
[2026-05-25 19:54:21] [OK] Choper • Mythologie Black Tee
[2026-05-25 19:54:42] [OK] Sanji • Mythologie Tee
[2026-05-25 19:54:59] [OK] Franky • Mythologie Tee
[2026-05-25 19:55:22] [OK] Jinbe • Mythologie Tee
[2026-05-25 19:55:41] [OK] Nami • Mythologie Tee
[2026-05-25 19:56:04] [OK] Zoro • Mythologie Tee
[2026-05-25 19:56:21] [OK] Luffy • Mythologie Tee
[2026-05-25 19:56:23] === TERMINÉ === 125 / 125 renommés
