[2026-05-25 15:16:13] Récupération de la liste des produits...
[2026-05-25 15:16:15] Page 1/10 récupérée
[2026-05-25 15:16:20] Page 2/10 récupérée
[2026-05-25 15:16:27] Page 3/10 récupérée
[2026-05-25 15:16:33] Page 4/10 récupérée
[2026-05-25 15:16:36] Page 5/10 récupérée
[2026-05-25 15:16:48] Page 6/10 récupérée
[2026-05-25 15:17:00] Page 7/10 récupérée
[2026-05-25 15:17:10] Page 8/10 récupérée
[2026-05-25 15:17:19] Page 9/10 récupérée
[2026-05-25 15:17:29] Page 10/10 récupérée
[2026-05-25 15:17:29] Total : 2489 IDs sauvegardés dans /workspaces/Hokuno-Store/all_ids.txt
[2026-05-25 15:17:29] Début republish — 0/2489 déjà traités
[2026-05-25 15:17:30] [429] Rate limit — pause 120s (retry 1/3) — 6a06356d50e44e2c99017682
[2026-05-25 15:18:24] Récupération de la liste des produits...
[2026-05-25 15:19:30] Total : 486 IDs sauvegardés dans /workspaces/Hokuno-Store/all_ids.txt
[2026-05-25 15:19:30] Début republish — 0/486 déjà traités
[2026-05-25 15:19:30] [429] Rate limit — pause 120s (retry 1/3) — 6a06356d50e44e2c99017682
[2026-05-25 15:21:30] [429] Rate limit — pause 120s (retry 2/3) — 6a06356d50e44e2c99017682
[2026-05-25 15:23:31] [429] Rate limit — pause 120s (retry 3/3) — 6a06356d50e44e2c99017682
[2026-05-25 15:25:31] [FAIL] 3× 429 consécutifs — 6a06356d50e44e2c99017682
[2026-05-25 15:25:33] [429] Rate limit — pause 120s (retry 1/3) — 6a06356a50e44e2c9901767f
[2026-05-25 15:27:34] [429] Rate limit — pause 120s (retry 2/3) — 6a06356a50e44e2c9901767f
[2026-05-25 15:29:34] [429] Rate limit — pause 120s (retry 3/3) — 6a06356a50e44e2c9901767f
[2026-05-25 15:31:34] [FAIL] 3× 429 consécutifs — 6a06356a50e44e2c9901767f
[2026-05-25 15:31:36] [429] Rate limit — pause 120s (retry 1/3) — 6a06356750e44e2c9901767e
[2026-05-25 15:33:37] [429] Rate limit — pause 120s (retry 2/3) — 6a06356750e44e2c9901767e
[2026-05-25 15:35:58] all_ids.txt existe (486 IDs) — récupération ignorée
[2026-05-25 15:35:58] Début republish — 0/486 déjà traités
[2026-05-25 15:36:05] [OK 1/486] 6a06356d50e44e2c99017682 (done: 1)
[2026-05-25 15:36:11] [OK 2/486] 6a06356a50e44e2c9901767f (done: 2)
[2026-05-25 15:36:17] [OK 3/486] 6a06356750e44e2c9901767e (done: 3)
[2026-05-25 15:36:22] [OK 4/486] 6a063564e556c763050f9f6b (done: 4)
[2026-05-25 15:36:28] [OK 5/486] 6a0635619f2a234a0f034bbb (done: 5)
[2026-05-25 15:36:34] [OK 6/486] 6a06355e9c910ed47d085b13 (done: 6)
[2026-05-25 15:36:39] [OK 7/486] 6a063559226bac0f5307848d (done: 7)
[2026-05-25 15:36:45] [OK 8/486] 6a063554530bbcc92407a1bd (done: 8)
[2026-05-25 15:36:50] [OK 9/486] 6a063551839b74947101e4b9 (done: 9)
[2026-05-25 15:36:56] [OK 10/486] 6a06354de276476a30036b80 (done: 10)
[2026-05-25 15:37:03] [OK 11/486] 6a063547e276476a30036b7f (done: 11)
[2026-05-25 15:37:09] [OK 12/486] 6a063544cf821df1450a3298 (done: 12)
[2026-05-25 15:37:15] [OK 13/486] 6a063540d9cafe1c2005f3eb (done: 13)
[2026-05-25 15:37:19] [OK 14/486] 6a06353ccf821df1450a3297 (done: 14)
[2026-05-25 15:37:26] [OK 15/486] 6a063539e276476a30036b76 (done: 15)
[2026-05-25 15:37:33] [OK 16/486] 6a063536777f3172de0e8dbb (done: 16)
[2026-05-25 15:37:39] [OK 17/486] 6a0635329f2a234a0f034ba3 (done: 17)
[2026-05-25 15:37:45] [OK 18/486] 6a06352fcf821df1450a328e (done: 18)
[2026-05-25 15:37:52] [OK 19/486] 6a06352b839b74947101e4ac (done: 19)
[2026-05-25 15:37:59] [OK 20/486] 6a063528777f3172de0e8db9 (done: 20)
[2026-05-25 15:38:04] [OK 21/486] 6a06352450e44e2c99017662 (done: 21)
[2026-05-25 15:38:11] [OK 22/486] 6a063520839b74947101e4a8 (done: 22)
[2026-05-25 15:38:18] [OK 23/486] 6a06351de276476a30036b6e (done: 23)
[2026-05-25 15:38:24] [OK 24/486] 6a0635199c910ed47d085af1 (done: 24)
[2026-05-25 15:38:33] [OK 25/486] 6a0635150b50e9737c068fb3 (done: 25)
[2026-05-25 15:38:38] [OK 26/486] 6a063511463a9e767f036352 (done: 26)
[2026-05-25 15:38:43] [OK 27/486] 6a06350d50e44e2c9901765f (done: 27)
[2026-05-25 15:38:51] [OK 28/486] 6a063506839b74947101e4a2 (done: 28)
[2026-05-25 15:38:57] [OK 29/486] 6a063500c1f8cb3f3a092193 (done: 29)
[2026-05-25 15:39:05] [OK 30/486] 6a0634fc777f3172de0e8da2 (done: 30)
[2026-05-25 15:39:10] [OK 31/486] 6a0634f9e556c763050f9f3a (done: 31)
[2026-05-25 15:39:16] [OK 32/486] 6a0634f49f2a234a0f034b87 (done: 32)
[2026-05-25 15:39:23] [OK 33/486] 6a0634f16c82d6fc6e0660f5 (done: 33)
[2026-05-25 15:39:30] [OK 34/486] 6a0634eb463a9e767f03633c (done: 34)
[2026-05-25 15:39:38] [OK 35/486] 6a0634e8530bbcc92407a198 (done: 35)
[2026-05-25 15:39:46] [OK 36/486] 6a0634e39c910ed47d085ad4 (done: 36)
[2026-05-25 15:39:53] [OK 37/486] 6a0634e050e44e2c99017650 (done: 37)
[2026-05-25 15:40:00] [OK 38/486] 6a0634da9c910ed47d085ad0 (done: 38)
[2026-05-25 15:40:05] [OK 39/486] 6a0634d50b50e9737c068fa4 (done: 39)
[2026-05-25 15:40:13] [OK 40/486] 6a0634d0226bac0f5307845a (done: 40)
[2026-05-25 15:40:20] [OK 41/486] 6a0634cd9f2a234a0f034b80 (done: 41)
[2026-05-25 15:40:26] [OK 42/486] 6a0634c950e44e2c9901764a (done: 42)
[2026-05-25 15:40:33] [OK 43/486] 6a0634c4e556c763050f9f2d (done: 43)
[2026-05-25 15:40:39] [OK 44/486] 6a0634c10b50e9737c068f99 (done: 44)
[2026-05-25 15:40:45] [OK 45/486] 6a0634bb777f3172de0e8d88 (done: 45)
[2026-05-25 15:40:52] [OK 46/486] 6a0634b8839b74947101e486 (done: 46)
[2026-05-25 15:40:57] [OK 47/486] 6a0634b6839b74947101e485 (done: 47)
[2026-05-25 15:41:01] [OK 48/486] 6a0634b1c1f8cb3f3a09216b (done: 48)
[2026-05-25 15:41:06] [OK 49/486] 6a0634aee276476a30036b4c (done: 49)
[2026-05-25 15:41:10] [OK 50/486] 6a0634a9463a9e767f036329 (done: 50)
[2026-05-25 15:41:17] [OK 51/486] 6a0634a6d9cafe1c2005f3b4 (done: 51)
[2026-05-25 15:41:21] [OK 52/486] 6a0634a39c910ed47d085abd (done: 52)
[2026-05-25 15:41:26] [OK 53/486] 6a0634a06c82d6fc6e0660de (done: 53)
[2026-05-25 15:41:31] [OK 54/486] 6a063453cf821df1450a3235 (done: 54)
[2026-05-25 15:41:37] [OK 55/486] 6a06344f9f2a234a0f034b4e (done: 55)
[2026-05-25 15:41:41] [OK 56/486] 6a063449d9cafe1c2005f38f (done: 56)
[2026-05-25 15:41:46] [OK 57/486] 69fa22d8e5d45903400da7f6 (done: 57)
[2026-05-25 15:41:52] [OK 58/486] 69fa22d60b0939323c040cda (done: 58)
[2026-05-25 15:41:57] [OK 59/486] 69fa22d3121b59382d0396cc (done: 59)
[2026-05-25 15:42:03] [OK 60/486] 69fa22d0e9fd0e55490b27a5 (done: 60)
[2026-05-25 15:42:08] [OK 61/486] 69fa22cdaf1e4497af0156ce (done: 61)
[2026-05-25 15:42:13] [OK 62/486] 69fa22cb121b59382d0396c9 (done: 62)
[2026-05-25 15:42:19] [OK 63/486] 69fa22c8eaf5bab12c098a7b (done: 63)
[2026-05-25 15:42:24] [OK 64/486] 69fa22c47d958848720c4094 (done: 64)
[2026-05-25 15:42:28] [OK 65/486] 69fa22c0d3f1ce330f0d4ba8 (done: 65)
[2026-05-25 15:42:34] [OK 66/486] 69f9e82ec12ffe54490a4e8d (done: 66)
[2026-05-25 15:42:38] [OK 67/486] 69f9e0964134c7a9850adc51 (done: 67)
[2026-05-25 15:42:44] [OK 68/486] 69f9e0287d958848720c1dc4 (done: 68)
[2026-05-25 15:42:48] [OK 69/486] 69f9dc0f7d958848720c19f8 (done: 69)
[2026-05-25 15:42:55] [OK 70/486] 69f9d5cac12ffe54490a4085 (done: 70)
[2026-05-25 15:43:00] [OK 71/486] 69f9d22145e1cbc4b50678a1 (done: 71)
[2026-05-25 15:43:05] [OK 72/486] 69f9d20e7d958848720c12c1 (done: 72)
[2026-05-25 15:43:10] [OK 73/486] 69f9d20944aadacf110bac97 (done: 73)
[2026-05-25 15:43:15] [OK 74/486] 69f9d20344aadacf110bac94 (done: 74)
[2026-05-25 15:43:21] [OK 75/486] 69f9ce2444aadacf110baa12 (done: 75)
[2026-05-25 15:43:26] [OK 76/486] 69f927ba9f68ab7cf002315d (done: 76)
[2026-05-25 15:43:31] [OK 77/486] 69f924c509f3b73024025aed (done: 77)
[2026-05-25 15:43:36] [OK 78/486] 69f9237409f3b73024025a60 (done: 78)
[2026-05-25 15:43:40] [OK 79/486] 69f91fc0300b32baed0d1c48 (done: 79)
[2026-05-25 15:43:44] [OK 80/486] 69f91e62b2e670c7080e733a (done: 80)
[2026-05-25 15:43:51] [OK 81/486] 69f91b92feed9979d10d4b98 (done: 81)
[2026-05-25 15:43:57] [OK 82/486] 69f90ad917b7378b390af4dd (done: 82)
[2026-05-25 15:44:02] [OK 83/486] 69f907d49f68ab7cf0022012 (done: 83)
[2026-05-25 15:44:06] [OK 84/486] 69f90268ad402ce2b4035348 (done: 84)
[2026-05-25 15:44:13] [OK 85/486] 69f8febcbd4ffcafc502864d (done: 85)
[2026-05-25 15:44:18] [OK 86/486] 69f8d13d05bcfe3fcd0460f9 (done: 86)
[2026-05-25 15:44:24] [OK 87/486] 69f8ce23b2e670c7080e5639 (done: 87)
[2026-05-25 15:44:29] [OK 88/486] 69f8cc729822413bd1037c27 (done: 88)
[2026-05-25 15:44:36] [OK 89/486] 69f8c86f09f3b73024023a0e (done: 89)
[2026-05-25 15:44:41] [OK 90/486] 69f8c689c7a7db441d0c58fc (done: 90)
[2026-05-25 15:44:47] [OK 91/486] 69f8c577011b67ecf8078e65 (done: 91)
[2026-05-25 15:44:52] [OK 92/486] 69f8959bfeed9979d10d1130 (done: 92)
[2026-05-25 15:45:00] [OK 93/486] 69f89408feed9979d10d1032 (done: 93)
[2026-05-25 15:45:06] [OK 94/486] 69f8901b25819cdf3d057d73 (done: 94)
[2026-05-25 15:45:11] [OK 95/486] 69f88e25f55196f8d00a8975 (done: 95)
[2026-05-25 15:45:15] [OK 96/486] 69f88aadffbc831dea086dc5 (done: 96)
[2026-05-25 15:45:23] [OK 97/486] 69f87c8cbe136844f0003b0a (done: 97)
[2026-05-25 15:45:30] [OK 98/486] 69f867e75da263f75f04e91b (done: 98)
[2026-05-25 15:45:37] [OK 99/486] 69f867e32592a8ad8e0f077c (done: 99)
[2026-05-25 15:45:42] [OK 100/486] 69f867e15da263f75f04e914 (done: 100)
[2026-05-25 15:45:52] [OK 101/486] 69f867ddf9374ed4f105c870 (done: 101)
[2026-05-25 15:46:05] [OK 102/486] 69f867d8ffbc831dea085705 (done: 102)
[2026-05-25 15:46:10] [OK 103/486] 69f867d6feed9979d10cf101 (done: 103)
[2026-05-25 15:46:17] [OK 104/486] 69f867d283a8608fd80f10f1 (done: 104)
[2026-05-25 15:46:22] [OK 105/486] 69f867cd2592a8ad8e0f076f (done: 105)
[2026-05-25 15:46:26] [OK 106/486] 69f867caffbc831dea085700 (done: 106)
[2026-05-25 15:46:33] [OK 107/486] 69f7ab66ffbc831dea07ce9a (done: 107)
[2026-05-25 15:46:38] [OK 108/486] 69f7ab6025819cdf3d04d8dc (done: 108)
[2026-05-25 15:46:49] [OK 109/486] 69f7ab59782c77f6f105c88c (done: 109)
[2026-05-25 15:46:54] [OK 110/486] 69f7ab53ffbc831dea07ce8f (done: 110)
[2026-05-25 15:47:03] [OK 111/486] 69f7ab4da7ed52dc8a0c1577 (done: 111)
[2026-05-25 15:47:08] [OK 112/486] 69f7ab47782c77f6f105c88a (done: 112)
[2026-05-25 15:47:17] [OK 113/486] 69f7ab42bb69c26a6c045872 (done: 113)
[2026-05-25 15:47:22] [OK 114/486] 69f7ab3be8580fe5eb059ff6 (done: 114)
[2026-05-25 15:47:29] [OK 115/486] 69f7ab3238c22e9be806f810 (done: 115)
[2026-05-25 15:47:39] [OK 116/486] 69f7ab29ffbc831dea07ce79 (done: 116)
[2026-05-25 15:47:45] [OK 117/486] 69f7ab25e8580fe5eb059fe3 (done: 117)
[2026-05-25 15:47:50] [OK 118/486] 69f7ab1c4c4cd0e2bd0ae7a8 (done: 118)
[2026-05-25 15:47:57] [OK 119/486] 69f7ab12a7ed52dc8a0c1549 (done: 119)
[2026-05-25 15:48:03] [OK 120/486] 69f7ab0ef60400c855031311 (done: 120)
[2026-05-25 15:48:09] [OK 121/486] 69f7ab095da263f75f045fec (done: 121)
[2026-05-25 15:48:17] [OK 122/486] 69f7ab04bb69c26a6c04584a (done: 122)
[2026-05-25 15:48:24] [OK 123/486] 69f7aafd2592a8ad8e0e7eff (done: 123)
[2026-05-25 15:48:26] [429] Rate limit — pause 300s (retry 1/3) — 69f7aaf6a1a4c45aad04fb38
[2026-05-25 15:53:26] [429] Rate limit — pause 300s (retry 2/3) — 69f7aaf6a1a4c45aad04fb38
[2026-05-25 15:58:27] [429] Rate limit — pause 300s (retry 3/3) — 69f7aaf6a1a4c45aad04fb38
[2026-05-25 16:02:34] all_ids.txt existe (486 IDs) — récupération ignorée
[2026-05-25 16:02:34] Début republish — 123/486 déjà traités
[2026-05-25 16:02:34] [SKIP 1/486] 6a06356d50e44e2c99017682
[2026-05-25 16:02:34] [SKIP 2/486] 6a06356a50e44e2c9901767f
[2026-05-25 16:02:34] [SKIP 3/486] 6a06356750e44e2c9901767e
[2026-05-25 16:02:34] [SKIP 4/486] 6a063564e556c763050f9f6b
[2026-05-25 16:02:34] [SKIP 5/486] 6a0635619f2a234a0f034bbb
[2026-05-25 16:02:34] [SKIP 6/486] 6a06355e9c910ed47d085b13
[2026-05-25 16:02:34] [SKIP 7/486] 6a063559226bac0f5307848d
[2026-05-25 16:02:34] [SKIP 8/486] 6a063554530bbcc92407a1bd
[2026-05-25 16:02:34] [SKIP 9/486] 6a063551839b74947101e4b9
[2026-05-25 16:02:34] [SKIP 10/486] 6a06354de276476a30036b80
[2026-05-25 16:02:34] [SKIP 11/486] 6a063547e276476a30036b7f
[2026-05-25 16:02:34] [SKIP 12/486] 6a063544cf821df1450a3298
[2026-05-25 16:02:34] [SKIP 13/486] 6a063540d9cafe1c2005f3eb
[2026-05-25 16:02:34] [SKIP 14/486] 6a06353ccf821df1450a3297
[2026-05-25 16:02:34] [SKIP 15/486] 6a063539e276476a30036b76
[2026-05-25 16:02:34] [SKIP 16/486] 6a063536777f3172de0e8dbb
[2026-05-25 16:02:34] [SKIP 17/486] 6a0635329f2a234a0f034ba3
[2026-05-25 16:02:34] [SKIP 18/486] 6a06352fcf821df1450a328e
[2026-05-25 16:02:34] [SKIP 19/486] 6a06352b839b74947101e4ac
[2026-05-25 16:02:34] [SKIP 20/486] 6a063528777f3172de0e8db9
[2026-05-25 16:02:34] [SKIP 21/486] 6a06352450e44e2c99017662
[2026-05-25 16:02:34] [SKIP 22/486] 6a063520839b74947101e4a8
[2026-05-25 16:02:34] [SKIP 23/486] 6a06351de276476a30036b6e
[2026-05-25 16:02:34] [SKIP 24/486] 6a0635199c910ed47d085af1
[2026-05-25 16:02:34] [SKIP 25/486] 6a0635150b50e9737c068fb3
[2026-05-25 16:02:34] [SKIP 26/486] 6a063511463a9e767f036352
[2026-05-25 16:02:34] [SKIP 27/486] 6a06350d50e44e2c9901765f
[2026-05-25 16:02:34] [SKIP 28/486] 6a063506839b74947101e4a2
[2026-05-25 16:02:34] [SKIP 29/486] 6a063500c1f8cb3f3a092193
[2026-05-25 16:02:34] [SKIP 30/486] 6a0634fc777f3172de0e8da2
[2026-05-25 16:02:34] [SKIP 31/486] 6a0634f9e556c763050f9f3a
[2026-05-25 16:02:34] [SKIP 32/486] 6a0634f49f2a234a0f034b87
[2026-05-25 16:02:34] [SKIP 33/486] 6a0634f16c82d6fc6e0660f5
[2026-05-25 16:02:34] [SKIP 34/486] 6a0634eb463a9e767f03633c
[2026-05-25 16:02:34] [SKIP 35/486] 6a0634e8530bbcc92407a198
[2026-05-25 16:02:34] [SKIP 36/486] 6a0634e39c910ed47d085ad4
[2026-05-25 16:02:34] [SKIP 37/486] 6a0634e050e44e2c99017650
[2026-05-25 16:02:34] [SKIP 38/486] 6a0634da9c910ed47d085ad0
[2026-05-25 16:02:34] [SKIP 39/486] 6a0634d50b50e9737c068fa4
[2026-05-25 16:02:34] [SKIP 40/486] 6a0634d0226bac0f5307845a
[2026-05-25 16:02:34] [SKIP 41/486] 6a0634cd9f2a234a0f034b80
[2026-05-25 16:02:34] [SKIP 42/486] 6a0634c950e44e2c9901764a
[2026-05-25 16:02:34] [SKIP 43/486] 6a0634c4e556c763050f9f2d
[2026-05-25 16:02:34] [SKIP 44/486] 6a0634c10b50e9737c068f99
[2026-05-25 16:02:34] [SKIP 45/486] 6a0634bb777f3172de0e8d88
[2026-05-25 16:02:34] [SKIP 46/486] 6a0634b8839b74947101e486
[2026-05-25 16:02:34] [SKIP 47/486] 6a0634b6839b74947101e485
[2026-05-25 16:02:34] [SKIP 48/486] 6a0634b1c1f8cb3f3a09216b
[2026-05-25 16:02:34] [SKIP 49/486] 6a0634aee276476a30036b4c
[2026-05-25 16:02:34] [SKIP 50/486] 6a0634a9463a9e767f036329
[2026-05-25 16:02:34] [SKIP 51/486] 6a0634a6d9cafe1c2005f3b4
[2026-05-25 16:02:34] [SKIP 52/486] 6a0634a39c910ed47d085abd
[2026-05-25 16:02:34] [SKIP 53/486] 6a0634a06c82d6fc6e0660de
[2026-05-25 16:02:34] [SKIP 54/486] 6a063453cf821df1450a3235
[2026-05-25 16:02:34] [SKIP 55/486] 6a06344f9f2a234a0f034b4e
[2026-05-25 16:02:34] [SKIP 56/486] 6a063449d9cafe1c2005f38f
[2026-05-25 16:02:34] [SKIP 57/486] 69fa22d8e5d45903400da7f6
[2026-05-25 16:02:34] [SKIP 58/486] 69fa22d60b0939323c040cda
[2026-05-25 16:02:34] [SKIP 59/486] 69fa22d3121b59382d0396cc
[2026-05-25 16:02:34] [SKIP 60/486] 69fa22d0e9fd0e55490b27a5
[2026-05-25 16:02:34] [SKIP 61/486] 69fa22cdaf1e4497af0156ce
[2026-05-25 16:02:34] [SKIP 62/486] 69fa22cb121b59382d0396c9
[2026-05-25 16:02:34] [SKIP 63/486] 69fa22c8eaf5bab12c098a7b
[2026-05-25 16:02:34] [SKIP 64/486] 69fa22c47d958848720c4094
[2026-05-25 16:02:34] [SKIP 65/486] 69fa22c0d3f1ce330f0d4ba8
[2026-05-25 16:02:34] [SKIP 66/486] 69f9e82ec12ffe54490a4e8d
[2026-05-25 16:02:34] [SKIP 67/486] 69f9e0964134c7a9850adc51
[2026-05-25 16:02:35] [SKIP 68/486] 69f9e0287d958848720c1dc4
[2026-05-25 16:02:35] [SKIP 69/486] 69f9dc0f7d958848720c19f8
[2026-05-25 16:02:35] [SKIP 70/486] 69f9d5cac12ffe54490a4085
[2026-05-25 16:02:35] [SKIP 71/486] 69f9d22145e1cbc4b50678a1
[2026-05-25 16:02:35] [SKIP 72/486] 69f9d20e7d958848720c12c1
[2026-05-25 16:02:35] [SKIP 73/486] 69f9d20944aadacf110bac97
[2026-05-25 16:02:35] [SKIP 74/486] 69f9d20344aadacf110bac94
[2026-05-25 16:02:35] [SKIP 75/486] 69f9ce2444aadacf110baa12
[2026-05-25 16:02:35] [SKIP 76/486] 69f927ba9f68ab7cf002315d
[2026-05-25 16:02:35] [SKIP 77/486] 69f924c509f3b73024025aed
[2026-05-25 16:02:35] [SKIP 78/486] 69f9237409f3b73024025a60
[2026-05-25 16:02:35] [SKIP 79/486] 69f91fc0300b32baed0d1c48
[2026-05-25 16:02:35] [SKIP 80/486] 69f91e62b2e670c7080e733a
[2026-05-25 16:02:35] [SKIP 81/486] 69f91b92feed9979d10d4b98
[2026-05-25 16:02:35] [SKIP 82/486] 69f90ad917b7378b390af4dd
[2026-05-25 16:02:35] [SKIP 83/486] 69f907d49f68ab7cf0022012
[2026-05-25 16:02:35] [SKIP 84/486] 69f90268ad402ce2b4035348
[2026-05-25 16:02:35] [SKIP 85/486] 69f8febcbd4ffcafc502864d
[2026-05-25 16:02:35] [SKIP 86/486] 69f8d13d05bcfe3fcd0460f9
[2026-05-25 16:02:35] [SKIP 87/486] 69f8ce23b2e670c7080e5639
[2026-05-25 16:02:35] [SKIP 88/486] 69f8cc729822413bd1037c27
[2026-05-25 16:02:35] [SKIP 89/486] 69f8c86f09f3b73024023a0e
[2026-05-25 16:02:35] [SKIP 90/486] 69f8c689c7a7db441d0c58fc
[2026-05-25 16:02:35] [SKIP 91/486] 69f8c577011b67ecf8078e65
[2026-05-25 16:02:35] [SKIP 92/486] 69f8959bfeed9979d10d1130
[2026-05-25 16:02:35] [SKIP 93/486] 69f89408feed9979d10d1032
[2026-05-25 16:02:35] [SKIP 94/486] 69f8901b25819cdf3d057d73
[2026-05-25 16:02:35] [SKIP 95/486] 69f88e25f55196f8d00a8975
[2026-05-25 16:02:35] [SKIP 96/486] 69f88aadffbc831dea086dc5
[2026-05-25 16:02:35] [SKIP 97/486] 69f87c8cbe136844f0003b0a
[2026-05-25 16:02:35] [SKIP 98/486] 69f867e75da263f75f04e91b
[2026-05-25 16:02:35] [SKIP 99/486] 69f867e32592a8ad8e0f077c
[2026-05-25 16:02:35] [SKIP 100/486] 69f867e15da263f75f04e914
[2026-05-25 16:02:35] [SKIP 101/486] 69f867ddf9374ed4f105c870
[2026-05-25 16:02:35] [SKIP 102/486] 69f867d8ffbc831dea085705
[2026-05-25 16:02:35] [SKIP 103/486] 69f867d6feed9979d10cf101
[2026-05-25 16:02:35] [SKIP 104/486] 69f867d283a8608fd80f10f1
[2026-05-25 16:02:35] [SKIP 105/486] 69f867cd2592a8ad8e0f076f
[2026-05-25 16:02:35] [SKIP 106/486] 69f867caffbc831dea085700
[2026-05-25 16:02:35] [SKIP 107/486] 69f7ab66ffbc831dea07ce9a
[2026-05-25 16:02:35] [SKIP 108/486] 69f7ab6025819cdf3d04d8dc
[2026-05-25 16:02:35] [SKIP 109/486] 69f7ab59782c77f6f105c88c
[2026-05-25 16:02:35] [SKIP 110/486] 69f7ab53ffbc831dea07ce8f
[2026-05-25 16:02:35] [SKIP 111/486] 69f7ab4da7ed52dc8a0c1577
[2026-05-25 16:02:35] [SKIP 112/486] 69f7ab47782c77f6f105c88a
[2026-05-25 16:02:35] [SKIP 113/486] 69f7ab42bb69c26a6c045872
[2026-05-25 16:02:35] [SKIP 114/486] 69f7ab3be8580fe5eb059ff6
[2026-05-25 16:02:35] [SKIP 115/486] 69f7ab3238c22e9be806f810
[2026-05-25 16:02:35] [SKIP 116/486] 69f7ab29ffbc831dea07ce79
[2026-05-25 16:02:35] [SKIP 117/486] 69f7ab25e8580fe5eb059fe3
[2026-05-25 16:02:35] [SKIP 118/486] 69f7ab1c4c4cd0e2bd0ae7a8
[2026-05-25 16:02:35] [SKIP 119/486] 69f7ab12a7ed52dc8a0c1549
[2026-05-25 16:02:35] [SKIP 120/486] 69f7ab0ef60400c855031311
[2026-05-25 16:02:35] [SKIP 121/486] 69f7ab095da263f75f045fec
[2026-05-25 16:02:35] [SKIP 122/486] 69f7ab04bb69c26a6c04584a
[2026-05-25 16:02:35] [SKIP 123/486] 69f7aafd2592a8ad8e0e7eff
[2026-05-25 16:02:35] [429] Rate limit — pause 300s (retry 1) — 69f7aaf6a1a4c45aad04fb38
[2026-05-25 16:07:40] [OK 124/486] 69f7aaf6a1a4c45aad04fb38 (done: 124)
[2026-05-25 16:07:45] [OK 125/486] 69f7aaf0e8580fe5eb059fd2 (done: 125)
[2026-05-25 16:07:53] [OK 126/486] 69f7aaea4c4cd0e2bd0ae795 (done: 126)
[2026-05-25 16:07:58] [OK 127/486] 69f7aae52592a8ad8e0e7ef8 (done: 127)
[2026-05-25 16:08:03] [OK 128/486] 69f7aae1a7ed52dc8a0c1536 (done: 128)
[2026-05-25 16:08:07] [OK 129/486] 69f7aadb2592a8ad8e0e7ef4 (done: 129)
[2026-05-25 16:08:15] [OK 130/486] 69f7aad3782c77f6f105c858 (done: 130)
[2026-05-25 16:08:21] [OK 131/486] 69f7aac925819cdf3d04d890 (done: 131)
[2026-05-25 16:08:26] [OK 132/486] 69f7aac2a7ed52dc8a0c152a (done: 132)
[2026-05-25 16:08:31] [OK 133/486] 69f7aabbf9374ed4f1053f84 (done: 133)
[2026-05-25 16:08:36] [OK 134/486] 69f7aab7a1a4c45aad04fb1c (done: 134)
[2026-05-25 16:08:40] [OK 135/486] 69f7aab238c22e9be806f7d2 (done: 135)
[2026-05-25 16:08:45] [OK 136/486] 69f7aaab782c77f6f105c843 (done: 136)
[2026-05-25 16:08:50] [OK 137/486] 69f7aaa6f9374ed4f1053f7d (done: 137)
[2026-05-25 16:08:55] [OK 138/486] 69f7aa9ff9374ed4f1053f7a (done: 138)
[2026-05-25 16:09:01] [OK 139/486] 69f7aa98a1a4c45aad04fb10 (done: 139)
[2026-05-25 16:09:06] [OK 140/486] 69f7aa9083a8608fd80e873e (done: 140)
[2026-05-25 16:09:12] [OK 141/486] 69f7aa8ba5ddadd686034784 (done: 141)
[2026-05-25 16:09:16] [OK 142/486] 69f7aa835da263f75f045fb6 (done: 142)
[2026-05-25 16:09:22] [OK 143/486] 69f7aa7309f3b730240173d8 (done: 143)
[2026-05-25 16:09:27] [OK 144/486] 69f7aa6bffbc831dea07ce13 (done: 144)
[2026-05-25 16:09:35] [OK 145/486] 69f7aa64a5ddadd686034776 (done: 145)
[2026-05-25 16:09:42] [OK 146/486] 69f7aa5e5da263f75f045f9d (done: 146)
[2026-05-25 16:09:48] [OK 147/486] 69f79bb95da263f75f0457b1 (done: 147)
[2026-05-25 16:09:53] [OK 148/486] 69f79bac38c22e9be806efde (done: 148)
[2026-05-25 16:10:01] [OK 149/486] 69f79ba0f9374ed4f1053781 (done: 149)
[2026-05-25 16:10:07] [OK 150/486] 69f79b8f5da263f75f04578c (done: 150)
[2026-05-25 16:10:13] [OK 151/486] 69f79b85782c77f6f105bffe (done: 151)
[2026-05-25 16:10:20] [OK 152/486] 69f79b7aa1a4c45aad04f2bb (done: 152)
[2026-05-25 16:10:27] [OK 153/486] 69f79b6ef9374ed4f1053744 (done: 153)
[2026-05-25 16:10:34] [OK 154/486] 69f79b62e8580fe5eb0596b2 (done: 154)
[2026-05-25 16:10:40] [OK 155/486] 69f79b5809f3b73024016bab (done: 155)
[2026-05-25 16:10:46] [OK 156/486] 69f79b4a38c22e9be806ef68 (done: 156)
[2026-05-25 16:10:54] [OK 157/486] 69f79b3e782c77f6f105bfb1 (done: 157)
[2026-05-25 16:11:03] [OK 158/486] 69f79b3483a8608fd80e7e92 (done: 158)
[2026-05-25 16:11:10] [OK 159/486] 69f79b2a4c4cd0e2bd0ade85 (done: 159)
[2026-05-25 16:11:17] [OK 160/486] 69f79b22a5ddadd686033ee6 (done: 160)
[2026-05-25 16:11:24] [OK 161/486] 69f79b1925819cdf3d04cfda (done: 161)
[2026-05-25 16:11:31] [OK 162/486] 69f79b0fa5ddadd686033edf (done: 162)
[2026-05-25 16:11:39] [OK 163/486] 69f79afa2592a8ad8e0e7625 (done: 163)
[2026-05-25 16:11:47] [OK 164/486] 69f79aefa1a4c45aad04f22e (done: 164)
[2026-05-25 16:11:54] [OK 165/486] 69f79ae2bb69c26a6c044f39 (done: 165)
[2026-05-25 16:12:01] [OK 166/486] 69f79ad4a5ddadd686033eb1 (done: 166)
[2026-05-25 16:12:08] [OK 167/486] 69f75c6f83a8608fd80e5707 (done: 167)
[2026-05-25 16:12:14] [OK 168/486] 69f75c68a0d5e53b4103a9f3 (done: 168)
[2026-05-25 16:12:20] [OK 169/486] 69f67d7ae1b7b9b0b008c471 (done: 169)
[2026-05-25 16:12:26] [OK 170/486] 69f67d751cc4ed38fb0bd00b (done: 170)
[2026-05-25 16:12:31] [OK 171/486] 69f67d70348775ebe7060ef1 (done: 171)
[2026-05-25 16:12:41] [OK 172/486] 69f67d6a1cc4ed38fb0bd006 (done: 172)
[2026-05-25 16:12:46] [OK 173/486] 69f67d66348775ebe7060ee0 (done: 173)
[2026-05-25 16:12:53] [OK 174/486] 69f67d62a636140bb11001a6 (done: 174)
[2026-05-25 16:13:00] [OK 175/486] 69f67d5aef66d02ffe02f98b (done: 175)
[2026-05-25 16:13:07] [OK 176/486] 69f67d52a636140bb1100177 (done: 176)
[2026-05-25 16:13:14] [OK 177/486] 69f67d4cb38ee49c480b97ba (done: 177)
[2026-05-25 16:13:22] [OK 178/486] 69f67d46a0d5e53b410312df (done: 178)
[2026-05-25 16:13:29] [OK 179/486] 69f67d401cc4ed38fb0bcfb6 (done: 179)
[2026-05-25 16:13:34] [OK 180/486] 69f67d3ae1b7b9b0b008c421 (done: 180)
[2026-05-25 16:13:41] [OK 181/486] 69f67d36db88631ee30a17a6 (done: 181)
[2026-05-25 16:13:47] [OK 182/486] 69f67d32ffbc831dea0707da (done: 182)
[2026-05-25 16:13:54] [OK 183/486] 69f67d2d15b42c15280c791d (done: 183)
[2026-05-25 16:14:00] [OK 184/486] 69f67d29ef66d02ffe02f957 (done: 184)
[2026-05-25 16:14:05] [OK 185/486] 69f67d24348775ebe7060e93 (done: 185)
[2026-05-25 16:14:12] [OK 186/486] 69f67d1f15b42c15280c790f (done: 186)
[2026-05-25 16:14:19] [OK 187/486] 69f67d1ab38ee49c480b979b (done: 187)
[2026-05-25 16:14:25] [OK 188/486] 69f67d141cc4ed38fb0bcfa2 (done: 188)
[2026-05-25 16:14:31] [OK 189/486] 69f67d101cc4ed38fb0bcf9f (done: 189)
[2026-05-25 16:14:37] [OK 190/486] 69f67d08ef66d02ffe02f945 (done: 190)
[2026-05-25 16:14:45] [OK 191/486] 69f67d01348775ebe7060e84 (done: 191)
[2026-05-25 16:14:50] [OK 192/486] 69f67cf9ffbc831dea0707c0 (done: 192)
[2026-05-25 16:14:56] [OK 193/486] 69f67cf3e1b7b9b0b008c3eb (done: 193)
[2026-05-25 16:15:04] [OK 194/486] 69f67cee1cc4ed38fb0bcf8b (done: 194)
[2026-05-25 16:15:10] [OK 195/486] 69f67ce7db88631ee30a177b (done: 195)
[2026-05-25 16:15:17] [OK 196/486] 69f67ce2ef66d02ffe02f92d (done: 196)
[2026-05-25 16:15:24] [OK 197/486] 69f67cdb9110dda9100620fa (done: 197)
[2026-05-25 16:15:31] [OK 198/486] 69f67cd7a04f6919860c93de (done: 198)
[2026-05-25 16:15:38] [OK 199/486] 69f67ccea636140bb1100135 (done: 199)
[2026-05-25 16:15:44] [OK 200/486] 69f67cc91cc4ed38fb0bcf84 (done: 200)
[2026-05-25 16:15:51] [OK 201/486] 69f67cc3db88631ee30a176f (done: 201)
[2026-05-25 16:16:02] [OK 202/486] 69f67cbeffbc831dea0707a2 (done: 202)
[2026-05-25 16:16:06] [OK 203/486] 69f67cb7a636140bb1100127 (done: 203)
[2026-05-25 16:16:12] [OK 204/486] 69f67cb0ffbc831dea07079f (done: 204)
[2026-05-25 16:16:17] [OK 205/486] 69f67caaef66d02ffe02f916 (done: 205)
[2026-05-25 16:16:23] [OK 206/486] 69f67ca0a636140bb1100121 (done: 206)
[2026-05-25 16:16:30] [OK 207/486] 69f67c98ef66d02ffe02f90b (done: 207)
[2026-05-25 16:16:39] [OK 208/486] 69f67c90db88631ee30a1761 (done: 208)
[2026-05-25 16:16:44] [OK 209/486] 69f67c8a1cc4ed38fb0bcf6f (done: 209)
[2026-05-25 16:16:49] [OK 210/486] 69f67c83e1b7b9b0b008c3b9 (done: 210)
[2026-05-25 16:16:56] [OK 211/486] 69f67c7aef66d02ffe02f900 (done: 211)
[2026-05-25 16:17:00] [OK 212/486] 69f67c72db88631ee30a1754 (done: 212)
[2026-05-25 16:17:05] [OK 213/486] 69f67c6cb38ee49c480b974b (done: 213)
[2026-05-25 16:17:12] [OK 214/486] 69f67c65e1b7b9b0b008c3af (done: 214)
[2026-05-25 16:17:19] [OK 215/486] 69f67c60a636140bb1100103 (done: 215)
[2026-05-25 16:17:26] [OK 216/486] 69f67c5ae1b7b9b0b008c3a5 (done: 216)
[2026-05-25 16:17:34] [OK 217/486] 69f67c53348775ebe7060e36 (done: 217)
[2026-05-25 16:17:43] [OK 218/486] 69f67c4ef6145350500e60b3 (done: 218)
[2026-05-25 16:17:48] [OK 219/486] 69f67c479110dda9100620c7 (done: 219)
[2026-05-25 16:17:54] [OK 220/486] 69f67c43a04f6919860c9397 (done: 220)
[2026-05-25 16:18:02] [OK 221/486] 69f67c3bef66d02ffe02f8e8 (done: 221)
[2026-05-25 16:18:09] [OK 222/486] 69f67c32a04f6919860c9391 (done: 222)
[2026-05-25 16:18:14] [OK 223/486] 69f67c2c348775ebe7060e2a (done: 223)
[2026-05-25 16:18:19] [OK 224/486] 69f67c26a04f6919860c9390 (done: 224)
[2026-05-25 16:18:22] [429] Rate limit — pause 300s (retry 1) — 69f67c1dffbc831dea07076c
[2026-05-25 16:23:22] [429] Rate limit — pause 300s (retry 2) — 69f67c1dffbc831dea07076c
[2026-05-25 16:28:23] [429] Rate limit — pause 300s (retry 3) — 69f67c1dffbc831dea07076c
[2026-05-25 16:33:23] [429] Rate limit — pause 300s (retry 4) — 69f67c1dffbc831dea07076c
[2026-05-25 16:38:29] [OK 225/486] 69f67c1dffbc831dea07076c (done: 225)
[2026-05-25 16:38:35] [OK 226/486] 69f67c19ef66d02ffe02f8dc (done: 226)
[2026-05-25 16:38:44] [OK 227/486] 69f67c12e1b7b9b0b008c392 (done: 227)
[2026-05-25 16:38:50] [OK 228/486] 69f67c0bef66d02ffe02f8d9 (done: 228)
[2026-05-25 16:38:57] [OK 229/486] 69f67c05e1b7b9b0b008c390 (done: 229)
[2026-05-25 16:39:05] [OK 230/486] 69f67bfeb38ee49c480b972c (done: 230)
[2026-05-25 16:39:12] [OK 231/486] 69f67bf9a0d5e53b41031266 (done: 231)
[2026-05-25 16:39:21] [OK 232/486] 69f67bf21cc4ed38fb0bcf42 (done: 232)
[2026-05-25 16:39:27] [OK 233/486] 69f67bebe1b7b9b0b008c385 (done: 233)
[2026-05-25 16:39:34] [OK 234/486] 69f67be4ef66d02ffe02f8c8 (done: 234)
[2026-05-25 16:39:44] [OK 235/486] 69f67bdddb88631ee30a1720 (done: 235)
[2026-05-25 16:39:53] [OK 236/486] 69f67bd7a04f6919860c9370 (done: 236)
[2026-05-25 16:39:59] [OK 237/486] 69f67bcca636140bb11000c1 (done: 237)
[2026-05-25 16:40:06] [OK 238/486] 69f67bc7e1b7b9b0b008c36d (done: 238)
[2026-05-25 16:40:15] [OK 239/486] 69f67bc2a0d5e53b41031241 (done: 239)
[2026-05-25 16:40:24] [OK 240/486] 69f67bb99110dda91006208d (done: 240)
[2026-05-25 16:40:29] [OK 241/486] 69f67bb3348775ebe7060dea (done: 241)
[2026-05-25 16:40:39] [OK 242/486] 69f67ba8348775ebe7060de7 (done: 242)
[2026-05-25 16:40:46] [OK 243/486] 69f67ba5f6145350500e605c (done: 243)
[2026-05-25 16:40:51] [OK 244/486] 69f65ab8a636140bb10fee47 (done: 244)
[2026-05-25 16:40:58] [OK 245/486] 69f65aa39110dda910060e18 (done: 245)
[2026-05-25 16:41:05] [OK 246/486] 69f65a86ef66d02ffe02e674 (done: 246)
[2026-05-25 16:41:13] [OK 247/486] 69f65a7b348775ebe705fb38 (done: 247)
[2026-05-25 16:41:22] [OK 248/486] 69f65a62ef66d02ffe02e650 (done: 248)
[2026-05-25 16:41:27] [OK 249/486] 69f65a4f9110dda910060dc2 (done: 249)
[2026-05-25 16:41:32] [OK 250/486] 69f65a369d2e2f2b26038bc3 (done: 250)
[2026-05-25 16:41:37] [OK 251/486] 69f65a2be1b7b9b0b008b037 (done: 251)
[2026-05-25 16:41:44] [OK 252/486] 69f65a1b1cc4ed38fb0bbc3a (done: 252)
[2026-05-25 16:41:53] [OK 253/486] 69f65a11a636140bb10fed9d (done: 253)
[2026-05-25 16:41:59] [OK 254/486] 69f659feecefd0d57d04c156 (done: 254)
[2026-05-25 16:42:06] [OK 255/486] 69f659f61cc4ed38fb0bbc2b (done: 255)
[2026-05-25 16:42:12] [OK 256/486] 69f659dfe1b7b9b0b008b012 (done: 256)
[2026-05-25 16:42:20] [OK 257/486] 69f659d5e1b7b9b0b008b00d (done: 257)
[2026-05-25 16:42:28] [OK 258/486] 69f659c41cc4ed38fb0bbc1e (done: 258)
[2026-05-25 16:42:34] [OK 259/486] 69f659b98a26dc18e003fce3 (done: 259)
[2026-05-25 16:42:42] [OK 260/486] 69f659aa1cc4ed38fb0bbc13 (done: 260)
[2026-05-25 16:42:49] [OK 261/486] 69f659a01cc4ed38fb0bbc0f (done: 261)
[2026-05-25 16:42:55] [OK 262/486] 69f65990a0d5e53b4102ff5b (done: 262)
[2026-05-25 16:43:00] [OK 263/486] 69f659849110dda910060d56 (done: 263)
[2026-05-25 16:43:05] [OK 264/486] 69f65973db88631ee30a0387 (done: 264)
[2026-05-25 16:43:13] [OK 265/486] 69f6596b758757bfa304559c (done: 265)
[2026-05-25 16:43:19] [OK 266/486] 69f65957a0d5e53b4102ff44 (done: 266)
[2026-05-25 16:43:27] [OK 267/486] 69f6594d758757bfa3045594 (done: 267)
[2026-05-25 16:43:33] [OK 268/486] 69f65939758757bfa304558f (done: 268)
[2026-05-25 16:43:39] [OK 269/486] 69f65930db88631ee30a0374 (done: 269)
[2026-05-25 16:43:46] [OK 270/486] 69f65920e1b7b9b0b008afc4 (done: 270)
[2026-05-25 16:43:54] [OK 271/486] 69f65916ef66d02ffe02e5af (done: 271)
[2026-05-25 16:44:02] [OK 272/486] 69f65902e1b7b9b0b008afb9 (done: 272)
[2026-05-25 16:44:08] [OK 273/486] 69f658f9ef66d02ffe02e5a0 (done: 273)
[2026-05-25 16:44:16] [OK 274/486] 69f658e7ecefd0d57d04c0f5 (done: 274)
[2026-05-25 16:44:25] [OK 275/486] 69f658df758757bfa3045568 (done: 275)
[2026-05-25 16:44:34] [OK 276/486] 69f658cd348775ebe705fa6e (done: 276)
[2026-05-25 16:44:42] [OK 277/486] 69f658bea636140bb10fed2e (done: 277)
[2026-05-25 16:44:51] [OK 278/486] 69f658ab99390c7b790941e7 (done: 278)
[2026-05-25 16:44:57] [OK 279/486] 69f6589fecefd0d57d04c0d7 (done: 279)
[2026-05-25 16:45:04] [OK 280/486] 69f6588aecefd0d57d04c0d0 (done: 280)
[2026-05-25 16:45:11] [OK 281/486] 69f658821cc4ed38fb0bbba1 (done: 281)
[2026-05-25 16:45:17] [OK 282/486] 69f658758a26dc18e003fc3c (done: 282)
[2026-05-25 16:45:22] [OK 283/486] 69f6586def66d02ffe02e56a (done: 283)
[2026-05-25 16:45:28] [OK 284/486] 69f6585fecefd0d57d04c0bf (done: 284)
[2026-05-25 16:45:35] [OK 285/486] 69f658579110dda910060cf4 (done: 285)
[2026-05-25 16:45:41] [OK 286/486] 69f65849a0d5e53b4102fede (done: 286)
[2026-05-25 16:45:50] [OK 287/486] 69f658429110dda910060cee (done: 287)
[2026-05-25 16:46:00] [OK 288/486] 69f6582fa0d5e53b4102fece (done: 288)
[2026-05-25 16:46:08] [OK 289/486] 69f65827a636140bb10fece3 (done: 289)
[2026-05-25 16:46:19] [OK 290/486] 69f65815ecefd0d57d04c082 (done: 290)
[2026-05-25 16:46:26] [OK 291/486] 69f6580e56c9ce7ead070a41 (done: 291)
[2026-05-25 16:46:33] [OK 292/486] 69f65800348775ebe705f9ed (done: 292)
[2026-05-25 16:46:40] [OK 293/486] 69f657f956c9ce7ead070a36 (done: 293)
[2026-05-25 16:46:47] [OK 294/486] 69f657e9ef66d02ffe02e509 (done: 294)
[2026-05-25 16:46:53] [OK 295/486] 69f657dfecefd0d57d04c047 (done: 295)
[2026-05-25 16:46:59] [OK 296/486] 69f657d0a26e9eeee90ac772 (done: 296)
[2026-05-25 16:47:07] [OK 297/486] 69f657c7a26e9eeee90ac766 (done: 297)
[2026-05-25 16:47:14] [OK 298/486] 69f657b7db88631ee30a0263 (done: 298)
[2026-05-25 16:47:21] [OK 299/486] 69f657af9110dda910060c3d (done: 299)
[2026-05-25 16:47:27] [OK 300/486] 69f657a0a0d5e53b4102fe3b (done: 300)
[2026-05-25 16:47:33] [OK 301/486] 69f65799348775ebe705f980 (done: 301)
[2026-05-25 16:47:40] [OK 302/486] 69f6377ddb88631ee309f000 (done: 302)
[2026-05-25 16:47:48] [OK 303/486] 69f63776758757bfa30441fa (done: 303)
[2026-05-25 16:47:56] [OK 304/486] 69f63766b3bda8532c0c24f3 (done: 304)
[2026-05-25 16:48:05] [OK 305/486] 69f6375ba636140bb10fd979 (done: 305)
[2026-05-25 16:48:13] [OK 306/486] 69f63749b3bda8532c0c24c5 (done: 306)
[2026-05-25 16:48:18] [OK 307/486] 69f637411cc4ed38fb0ba7e1 (done: 307)
[2026-05-25 16:48:24] [OK 308/486] 69f6373049a5e0b8f7003871 (done: 308)
[2026-05-25 16:48:33] [OK 309/486] 69f637269110dda91005f896 (done: 309)
[2026-05-25 16:48:39] [OK 310/486] 69f6371349a5e0b8f700384b (done: 310)
[2026-05-25 16:48:47] [OK 311/486] 69f6370a758757bfa3044175 (done: 311)
[2026-05-25 16:49:00] [OK 312/486] 69f636f8ef66d02ffe02d0fb (done: 312)
[2026-05-25 16:49:09] [OK 313/486] 69f636f0ecefd0d57d04acab (done: 313)
[2026-05-25 16:49:19] [OK 314/486] 69f636dee1b7b9b0b0089acf (done: 314)
[2026-05-25 16:49:29] [OK 315/486] 69f636d7e1b7b9b0b0089acb (done: 315)
[2026-05-25 16:49:44] [OK 316/486] 69f636c69110dda91005f822 (done: 316)
[2026-05-25 16:49:53] [OK 317/486] 69f636bfa636140bb10fd8bc (done: 317)
[2026-05-25 16:50:05] [OK 318/486] 69f636ae348775ebe705e5f6 (done: 318)
[2026-05-25 16:50:16] [OK 319/486] 69f636a61cc4ed38fb0ba73f (done: 319)
[2026-05-25 16:50:28] [OK 320/486] 69f63697e1b7b9b0b0089aa1 (done: 320)
[2026-05-25 16:50:39] [OK 321/486] 69f6368fdb88631ee309ef15 (done: 321)
[2026-05-25 16:50:48] [OK 322/486] 69f63680db88631ee309ef06 (done: 322)
[2026-05-25 16:51:00] [OK 323/486] 69f63678ecefd0d57d04ac65 (done: 323)
[2026-05-25 16:51:10] [OK 324/486] 69f63668e1b7b9b0b0089a8d (done: 324)
[2026-05-25 16:51:21] [OK 325/486] 69f63660e1b7b9b0b0089a86 (done: 325)
[2026-05-25 16:51:30] [OK 326/486] 69f6364e1cc4ed38fb0ba715 (done: 326)
[2026-05-25 16:51:42] [OK 327/486] 69f63644ecefd0d57d04ac4b (done: 327)
[2026-05-25 16:51:55] [OK 328/486] 69f636319110dda91005f7c8 (done: 328)
[2026-05-25 16:51:58] [429] Rate limit — pause 300s (retry 1) — 69f63629db88631ee309eee3
[2026-05-25 16:56:58] [429] Rate limit — pause 300s (retry 2) — 69f63629db88631ee309eee3
[2026-05-25 17:01:58] [429] Rate limit — pause 300s (retry 3) — 69f63629db88631ee309eee3
[2026-05-25 17:06:59] [429] Rate limit — pause 300s (retry 4) — 69f63629db88631ee309eee3
[2026-05-25 17:12:09] [OK 329/486] 69f63629db88631ee309eee3 (done: 329)
[2026-05-25 17:12:21] [OK 330/486] 69f63614758757bfa30440ac (done: 330)
[2026-05-25 17:12:31] [OK 331/486] 69f63609a636140bb10fd844 (done: 331)
[2026-05-25 17:12:40] [OK 332/486] 69f635f4a0d5e53b4102e9cc (done: 332)
[2026-05-25 17:12:49] [OK 333/486] 69f635eb9110dda91005f79c (done: 333)
[2026-05-25 17:12:59] [OK 334/486] 69f635d849a5e0b8f7003778 (done: 334)
[2026-05-25 17:13:08] [OK 335/486] 69f635ceef66d02ffe02d04f (done: 335)
[2026-05-25 17:13:17] [OK 336/486] 69f635bb348775ebe705e581 (done: 336)
[2026-05-25 17:13:26] [OK 337/486] 69f635b249a5e0b8f700374d (done: 337)
[2026-05-25 17:13:33] [OK 338/486] 69f635a0e1b7b9b0b0089a17 (done: 338)
[2026-05-25 17:13:41] [OK 339/486] 69f63596758757bfa304405e (done: 339)
[2026-05-25 17:13:49] [OK 340/486] 69f63582348775ebe705e558 (done: 340)
[2026-05-25 17:14:00] [OK 341/486] 69f63579348775ebe705e54e (done: 341)
[2026-05-25 17:14:09] [OK 342/486] 69f635671cc4ed38fb0ba68f (done: 342)
[2026-05-25 17:14:18] [OK 343/486] 69f6355de1b7b9b0b00899f0 (done: 343)
[2026-05-25 17:14:29] [OK 344/486] 69f6354ba636140bb10fd7be (done: 344)
[2026-05-25 17:14:37] [OK 345/486] 69f63541e1b7b9b0b00899d1 (done: 345)
[2026-05-25 17:14:46] [OK 346/486] 69f6352edb88631ee309ee37 (done: 346)
[2026-05-25 17:14:56] [OK 347/486] 69f635269110dda91005f6fb (done: 347)
[2026-05-25 17:15:06] [OK 348/486] 69f63513a636140bb10fd799 (done: 348)
[2026-05-25 17:15:16] [OK 349/486] 69f635091cc4ed38fb0ba62f (done: 349)
[2026-05-25 17:15:27] [OK 350/486] 69f634f7ecefd0d57d04ab2c (done: 350)
[2026-05-25 17:15:36] [OK 351/486] 69f634ed9110dda91005f697 (done: 351)
[2026-05-25 17:15:44] [OK 352/486] 69f634da49a5e0b8f7003687 (done: 352)
[2026-05-25 17:15:52] [OK 353/486] 69f634d149a5e0b8f700367b (done: 353)
[2026-05-25 17:16:01] [OK 354/486] 69f634bd1cc4ed38fb0ba5c2 (done: 354)
[2026-05-25 17:16:12] [OK 355/486] 69f634b3ef66d02ffe02cf25 (done: 355)
[2026-05-25 17:16:20] [OK 356/486] 69f634a0a636140bb10fd6ea (done: 356)
[2026-05-25 17:16:30] [OK 357/486] 69f63498a636140bb10fd6e2 (done: 357)
[2026-05-25 17:16:39] [OK 358/486] 69f631d6b3bda8532c0c20f7 (done: 358)
[2026-05-25 17:16:44] [OK 359/486] 69f630759110dda91005f3c6 (done: 359)
[2026-05-25 17:16:48] [OK 360/486] 69f61d909110dda91005e89b (done: 360)
[2026-05-25 17:16:53] [OK 361/486] 69f603f5ef66d02ffe02b1ce (done: 361)
[2026-05-25 17:17:00] [OK 362/486] 69f6032239e419a2dc02e247 (done: 362)
[2026-05-25 17:17:07] [OK 363/486] 69f5ed40348775ebe705b79f (done: 363)
[2026-05-25 17:17:14] [OK 364/486] 69f5ed3adb88631ee309c14d (done: 364)
[2026-05-25 17:17:19] [OK 365/486] 69f5ed13e1b7b9b0b0086c22 (done: 365)
[2026-05-25 17:17:25] [OK 366/486] 69f5ed0d348775ebe705b78d (done: 366)
[2026-05-25 17:17:30] [OK 367/486] 69f5ed06348775ebe705b78a (done: 367)
[2026-05-25 17:17:35] [OK 368/486] 69f5ed00e1b7b9b0b0086c1b (done: 368)
[2026-05-25 17:17:41] [OK 369/486] 69f5ecd14369722b330efb0e (done: 369)
[2026-05-25 17:17:46] [OK 370/486] 69f5eccb758757bfa304124d (done: 370)
[2026-05-25 17:17:53] [OK 371/486] 69f5ecc5ef66d02ffe02a1dc (done: 371)
[2026-05-25 17:17:59] [OK 372/486] 69f5ecbf758757bfa304124b (done: 372)
[2026-05-25 17:18:05] [OK 373/486] 69f5ecb9ef66d02ffe02a1db (done: 373)
[2026-05-25 17:18:11] [OK 374/486] 69f5ecb3758757bfa3041249 (done: 374)
[2026-05-25 17:18:18] [OK 375/486] 69f5ecacecefd0d57d047d56 (done: 375)
[2026-05-25 17:18:23] [OK 376/486] 69f5eca5ef66d02ffe02a1d2 (done: 376)
[2026-05-25 17:18:28] [OK 377/486] 69f5ec9fe1b7b9b0b0086bfc (done: 377)
[2026-05-25 17:18:33] [OK 378/486] 69f5ec9a1cc4ed38fb0b7851 (done: 378)
[2026-05-25 17:18:39] [OK 379/486] 69f5ec94cf535c302f083d3b (done: 379)
[2026-05-25 17:18:45] [OK 380/486] 69f5ec8b758757bfa3041238 (done: 380)
[2026-05-25 17:18:51] [OK 381/486] 69f5ec84db88631ee309c111 (done: 381)
[2026-05-25 17:18:56] [OK 382/486] 69f5ec7bcf535c302f083d29 (done: 382)
[2026-05-25 17:19:03] [OK 383/486] 69f5ec75cf535c302f083d21 (done: 383)
[2026-05-25 17:19:08] [OK 384/486] 69f5ec68ecefd0d57d047d32 (done: 384)
[2026-05-25 17:19:14] [OK 385/486] 69f5ec5f1cc4ed38fb0b781b (done: 385)
[2026-05-25 17:19:20] [OK 386/486] 69f5ec57ef66d02ffe02a19b (done: 386)
[2026-05-25 17:19:27] [OK 387/486] 69f5ec51db88631ee309c0e4 (done: 387)
[2026-05-25 17:19:32] [OK 388/486] 69f5ec4b1cc4ed38fb0b77fc (done: 388)
[2026-05-25 17:19:39] [OK 389/486] 69f5ec44db88631ee309c0b2 (done: 389)
[2026-05-25 17:19:44] [OK 390/486] 69f5ec3fe1b7b9b0b0086b7e (done: 390)
[2026-05-25 17:19:48] [OK 391/486] 69f5ec391cc4ed38fb0b77d1 (done: 391)
[2026-05-25 17:19:53] [OK 392/486] 69f5ec2fcf535c302f083ccd (done: 392)
[2026-05-25 17:19:57] [OK 393/486] 69f5ec26e1b7b9b0b0086b6e (done: 393)
[2026-05-25 17:20:01] [OK 394/486] 69f5ec1fe1b7b9b0b0086b67 (done: 394)
[2026-05-25 17:20:06] [OK 395/486] 6855d70f8454e3a28e01200a (done: 395)
[2026-05-25 17:20:13] [OK 396/486] 6855d1a12c35f6107c040a63 (done: 396)
[2026-05-25 17:20:20] [OK 397/486] 684eda3e09bce0c2370d8a5d (done: 397)
[2026-05-25 17:20:26] [OK 398/486] 684ed9831d7c908d840ce998 (done: 398)
[2026-05-25 17:20:32] [OK 399/486] 684ed8bad504d7af62062375 (done: 399)
[2026-05-25 17:20:38] [OK 400/486] 684ed81609bce0c2370d89f1 (done: 400)
[2026-05-25 17:20:45] [OK 401/486] 684ed7650944c2e20d0f4c2f (done: 401)
[2026-05-25 17:20:54] [OK 402/486] 684ed66f09bce0c2370d899e (done: 402)
[2026-05-25 17:21:01] [OK 403/486] 684ed563b41682e82d0bcd1d (done: 403)
[2026-05-25 17:21:07] [OK 404/486] 684ed552047ae76743047c2d (done: 404)
[2026-05-25 17:21:12] [OK 405/486] 684ed4c5047ae76743047c14 (done: 405)
[2026-05-25 17:21:18] [OK 406/486] 684ed400b41682e82d0bcceb (done: 406)
[2026-05-25 17:21:23] [OK 407/486] 684ed2d0d504d7af6206223c (done: 407)
[2026-05-25 17:21:30] [OK 408/486] 684ed212047ae76743047b84 (done: 408)
[2026-05-25 17:21:38] [OK 409/486] 684ecfa38a7f6f02b7056fe0 (done: 409)
[2026-05-25 17:21:42] [OK 410/486] 684ecee209bce0c2370d881a (done: 410)
[2026-05-25 17:21:49] [OK 411/486] 684ecdff047ae76743047ab5 (done: 411)
[2026-05-25 17:21:55] [OK 412/486] 684eb0d009bce0c2370d8203 (done: 412)
[2026-05-25 17:22:01] [OK 413/486] 684dc28bb2d4e68c870e3445 (done: 413)
[2026-05-25 17:22:11] [OK 414/486] 684d613ffef859492303a65a (done: 414)
[2026-05-25 17:22:18] [OK 415/486] 684d59ac1d7c908d840c9497 (done: 415)
[2026-05-25 17:22:24] [OK 416/486] 684c6b98f3b91cf7810bf40a (done: 416)
[2026-05-25 17:22:29] [OK 417/486] 684c6b5587f5fc4a810113bf (done: 417)
[2026-05-25 17:22:38] [OK 418/486] 684c6b157a567575d002f416 (done: 418)
[2026-05-25 17:22:44] [OK 419/486] 684c6ac6f3b91cf7810bf3c6 (done: 419)
[2026-05-25 17:22:50] [OK 420/486] 684c6a84b41682e82d0b43ac (done: 420)
[2026-05-25 17:22:58] [OK 421/486] 684c6a3fb41682e82d0b4390 (done: 421)
[2026-05-25 17:23:04] [OK 422/486] 684c69f1586f185e4005b09f (done: 422)
[2026-05-25 17:23:10] [OK 423/486] 684c699f902f42fe2e080880 (done: 423)
[2026-05-25 17:23:18] [OK 424/486] 684c693fb2d4e68c870de492 (done: 424)
[2026-05-25 17:23:26] [OK 425/486] 684c68d987f5fc4a8101133d (done: 425)
[2026-05-25 17:23:36] [OK 426/486] 684c664a7a567575d002f304 (done: 426)
[2026-05-25 17:23:44] [OK 427/486] 684c65fbdb8b74bc2d0b88bd (done: 427)
[2026-05-25 17:23:51] [OK 428/486] 684c65b97a567575d002f2d6 (done: 428)
[2026-05-25 17:24:01] [OK 429/486] 684c656856fb86136206591f (done: 429)
[2026-05-25 17:24:09] [OK 430/486] 684c65141d7c908d840c5e16 (done: 430)
[2026-05-25 17:24:18] [OK 431/486] 684c64cdf8df6e09820d1487 (done: 431)
[2026-05-25 17:24:24] [OK 432/486] 684c648061f0867d160dcdbb (done: 432)
[2026-05-25 17:24:32] [OK 433/486] 684c64317a567575d002f25a (done: 433)
[2026-05-25 17:24:38] [OK 434/486] 684c63e57a567575d002f24c (done: 434)
[2026-05-25 17:24:45] [OK 435/486] 684c63107a567575d002f21b (done: 435)
[2026-05-25 17:24:52] [OK 436/486] 684b5414b0ad75db150b812b (done: 436)
[2026-05-25 17:24:59] [OK 437/486] 684b53a2a9314bdcdf0d5a62 (done: 437)
[2026-05-25 17:25:08] [OK 438/486] 684b532f90d6792b870aa071 (done: 438)
[2026-05-25 17:25:17] [OK 439/486] 684b52a24a52709620072dec (done: 439)
[2026-05-25 17:25:25] [OK 440/486] 684b520eff145207d8018ff7 (done: 440)
[2026-05-25 17:25:33] [OK 441/486] 684b515f5ea5d8765401f813 (done: 441)
[2026-05-25 17:25:40] [OK 442/486] 684b50d6c1b6866d8600de29 (done: 442)
[2026-05-25 17:25:49] [OK 443/486] 684b50508ad27b8d90055731 (done: 443)
[2026-05-25 17:25:57] [OK 444/486] 684b4fc190d6792b870a9fae (done: 444)
[2026-05-25 17:26:08] [OK 445/486] 684b4f338ad27b8d900556ff (done: 445)
[2026-05-25 17:26:15] [OK 446/486] 684b4ead8b6650a870003f9e (done: 446)
[2026-05-25 17:26:23] [OK 447/486] 684b4e188ad27b8d900556b7 (done: 447)
[2026-05-25 17:26:32] [OK 448/486] 684b4d774a52709620072c94 (done: 448)
[2026-05-25 17:26:38] [OK 449/486] 684b4c7eea64cf1036087f88 (done: 449)
[2026-05-25 17:26:45] [OK 450/486] 684b4b9d8ad27b8d9005563e (done: 450)
[2026-05-25 17:26:52] [OK 451/486] 684b44995ea5d8765401f580 (done: 451)
[2026-05-25 17:27:01] [OK 452/486] 684b42ddc1b6866d8600db8f (done: 452)
[2026-05-25 17:27:12] [OK 453/486] 684b40a48ad27b8d90055440 (done: 453)
[2026-05-25 17:27:19] [OK 454/486] 684b3fee2c4daa76ec095919 (done: 454)
[2026-05-25 17:27:27] [OK 455/486] 684b3a018b6650a870003b88 (done: 455)
[2026-05-25 17:27:34] [OK 456/486] 684b39093a95f8f9ac0cd9d7 (done: 456)
[2026-05-25 17:27:41] [OK 457/486] 684b37628ad27b8d900551ef (done: 457)
[2026-05-25 17:27:49] [OK 458/486] 684b35628ad27b8d90055159 (done: 458)
[2026-05-25 17:27:56] [OK 459/486] 684b33afa9314bdcdf0d53d7 (done: 459)
[2026-05-25 17:28:06] [OK 460/486] 684b327cb0ad75db150b79d1 (done: 460)
[2026-05-25 17:28:13] [OK 461/486] 684b3118ff145207d801891c (done: 461)
[2026-05-25 17:28:21] [OK 462/486] 684b300c4dfca61d6e03f94c (done: 462)
[2026-05-25 17:28:28] [OK 463/486] 684b2ef790d6792b870a98b8 (done: 463)
[2026-05-25 17:28:38] [OK 464/486] 684b2dfacd0c3157940915f8 (done: 464)
[2026-05-25 17:28:45] [OK 465/486] 684b2d165ea5d8765401f04f (done: 465)
[2026-05-25 17:28:52] [OK 466/486] 684b2b09a9314bdcdf0d5220 (done: 466)
[2026-05-25 17:28:59] [OK 467/486] 6849f9d953576a8a950e2eee (done: 467)
[2026-05-25 17:29:07] [OK 468/486] 6849f7fc8b94b5b93d0fcd10 (done: 468)
[2026-05-25 17:29:17] [OK 469/486] 6849d4756ab7f1ef5d06a2e9 (done: 469)
[2026-05-25 17:29:24] [OK 470/486] 6849c298b5bde8e15300e417 (done: 470)
[2026-05-25 17:29:27] [429] Rate limit — pause 300s (retry 1) — 6849c1ce6ab7f1ef5d069e35
[2026-05-25 17:34:27] [429] Rate limit — pause 300s (retry 2) — 6849c1ce6ab7f1ef5d069e35
[2026-05-25 17:39:28] [429] Rate limit — pause 300s (retry 3) — 6849c1ce6ab7f1ef5d069e35
[2026-05-25 17:44:34] [OK 471/486] 6849c1ce6ab7f1ef5d069e35 (done: 471)
[2026-05-25 17:44:40] [OK 472/486] 6849c0fc9bf7aebaf704867b (done: 472)
[2026-05-25 17:44:48] [OK 473/486] 6849c07b943f652c190bd88d (done: 473)
[2026-05-25 17:44:56] [OK 474/486] 6849bfd6943f652c190bd86d (done: 474)
[2026-05-25 17:45:03] [OK 475/486] 6849be2de27810926a088d94 (done: 475)
[2026-05-25 17:45:09] [OK 476/486] 6849b61fd0482255940866ea (done: 476)
[2026-05-25 17:45:16] [OK 477/486] 6849a898e27810926a088854 (done: 477)
[2026-05-25 17:45:23] [OK 478/486] 6849a8397483e9399e0d455d (done: 478)
[2026-05-25 17:45:30] [OK 479/486] 6849a7abf43bb403450bd907 (done: 479)
[2026-05-25 17:45:42] [OK 480/486] 6849a7517483e9399e0d44ef (done: 480)
[2026-05-25 17:45:51] [OK 481/486] 6849a6e0bd30bb1f1304c67e (done: 481)
[2026-05-25 17:46:03] [OK 482/486] 6849a62c7483e9399e0d44b5 (done: 482)
[2026-05-25 17:46:14] [OK 483/486] 6849a4e7d5b83610460568ba (done: 483)
[2026-05-25 17:46:28] [OK 484/486] 6849a4237483e9399e0d4444 (done: 484)
[2026-05-25 17:46:36] [OK 485/486] 6849a0426ab7f1ef5d069673 (done: 485)
[2026-05-25 17:46:46] [OK 486/486] 6846b317f4071352350c150a (done: 486)
[2026-05-25 17:46:48] === TERMINÉ === 486/486 publiés
